<div class="week-view" data-init="false" id="custom-id" data-automation-id="custom-automation-id">
        <div class="week-view-header"><div class="calendar-toolbar flex-toolbar" data-init="false" role="toolbar">
        <div class="toolbar-section">
          <button type="button" class="btn-icon prev no-ripple hide-focus" id="custom-id-week-view-btn-prev" data-automation-id="custom-automation-id-week-view-btn-prev">
        <svg class="icon" focusable="false" aria-hidden="true" role="presentation">
          <use href="#icon-caret-left"></use>
        </svg>
        <span>Previous month</span>
      </button>
      <button type="button" class="btn-icon next no-ripple hide-focus" id="custom-id-week-view-btn-next" data-automation-id="custom-automation-id-week-view-btn-next">
          <svg class="icon" focusable="false" aria-hidden="true" role="presentation">
            <use href="#icon-caret-right"></use>
          </svg>
          <span>Next month</span>
      </button>
          <span class="monthview-datepicker">
            <span class="hidden month" data-month="5">June</span>
            <span class="hidden year"> 2024</span>
            <span class="audible">Select a day</span>
            <span tabindex="0" aria-label="Today" id="custom-id-week-view-datepicker" class="datepicker input-auto" data-validation="" autocomplete="off" role="combobox" aria-expanded="false" data-validate="date availableDate" data-validation-events="{&quot;date&quot;:&quot;change blur enter&quot;,&quot;availableDate&quot;:&quot;change blur&quot;}" data-automation-id="custom-automation-id-week-view-datepicker">June 2024</span><button class="btn-icon trigger no-ripple hide-focus" type="button" tabindex="0" role="button" aria-haspopup="dialog" id="custom-id-week-view-datepicker-trigger" data-automation-id="custom-automation-id-week-view-datepicker-trigger">
        <span class="audible">Date picker trigger</span>
        <svg class="icon" focusable="false" aria-hidden="true" role="presentation"><use href="#icon-calendar"></use></svg>
      </button>
          </span>
          <a class="today hyperlink hide-focus" href="#" id="custom-id-week-view-today" data-automation-id="custom-automation-id-week-view-today">Today</a>
        </div>
        <div class="toolbar-section buttonset l-align-right">
          
        </div>
      </div></div><div class="week-view-container"><table class="week-view-table"><thead class="week-view-table-header"><tr><th class="week-view-header-cell"><div class="week-view-header-wrapper"><span class="audible">Hour</span></div><div class="week-view-all-day-wrapper">All day</div></th><th class="week-view-header-cell" data-key="20240623"><div class="week-view-header-wrapper"><span class="week-view-header-day-of-week is-emphasis">23</span><span class="week-view-header-day-of-week">Sun</span></div><div class="week-view-all-day-wrapper"></div></th><th class="week-view-header-cell" data-key="20240624"><div class="week-view-header-wrapper"><span class="week-view-header-day-of-week is-emphasis">24</span><span class="week-view-header-day-of-week">Mon</span></div><div class="week-view-all-day-wrapper"></div></th><th class="week-view-header-cell" data-key="20240625"><div class="week-view-header-wrapper"><span class="week-view-header-day-of-week is-emphasis">25</span><span class="week-view-header-day-of-week">Tue</span></div><div class="week-view-all-day-wrapper"></div></th><th class="week-view-header-cell" data-key="20240626"><div class="week-view-header-wrapper"><span class="week-view-header-day-of-week is-emphasis">26</span><span class="week-view-header-day-of-week">Wed</span></div><div class="week-view-all-day-wrapper"></div></th><th class="week-view-header-cell" data-key="20240627"><div class="week-view-header-wrapper"><span class="week-view-header-day-of-week is-emphasis">27</span><span class="week-view-header-day-of-week">Thu</span></div><div class="week-view-all-day-wrapper"></div></th><th class="week-view-header-cell" data-key="20240628"><div class="week-view-header-wrapper is-today"><span class="week-view-header-day-of-week is-emphasis">28</span><span class="week-view-header-day-of-week">Fri</span></div><div class="week-view-all-day-wrapper"></div></th><th class="week-view-header-cell" data-key="20240629"><div class="week-view-header-wrapper"><span class="week-view-header-day-of-week is-emphasis">29</span><span class="week-view-header-day-of-week">Sat</span></div><div class="week-view-all-day-wrapper"></div></th></tr></thead><tbody><tr class="week-view-hour-row" data-hour="7"><td><div class="week-view-time-marker" style="top: 335.4px;"></div><div class="week-view-cell-wrapper">7:00 AM</div></td><td data-key="20240623" tabindex="-1"><div class="week-view-time-marker" style="top: 335.4px;"></div><div class="week-view-cell-wrapper"></div></td><td data-key="20240624" tabindex="-1"><div class="week-view-time-marker" style="top: 335.4px;"></div><div class="week-view-cell-wrapper"></div></td><td data-key="20240625" tabindex="-1"><div class="week-view-time-marker" style="top: 335.4px;"></div><div class="week-view-cell-wrapper"></div></td><td data-key="20240626" tabindex="-1"><div class="week-view-time-marker" style="top: 335.4px;"></div><div class="week-view-cell-wrapper"></div></td><td data-key="20240627" tabindex="-1"><div class="week-view-time-marker" style="top: 335.4px;"></div><div class="week-view-cell-wrapper"></div></td><td data-key="20240628" tabindex="-1"><div class="week-view-time-marker" style="top: 335.4px;"></div><div class="week-view-cell-wrapper"></div></td><td data-key="20240629" tabindex="-1"><div class="week-view-time-marker" style="top: 335.4px;"></div><div class="week-view-cell-wrapper"></div></td></tr><tr class="week-view-half-hour-row" data-hour="7.5"><td><div class="week-view-cell-wrapper"></div></td><td data-key="20240623" tabindex="-1"><div class="week-view-cell-wrapper"></div></td><td data-key="20240624" tabindex="-1"><div class="week-view-cell-wrapper"></div></td><td data-key="20240625" tabindex="-1"><div class="week-view-cell-wrapper"></div></td><td data-key="20240626" tabindex="-1"><div class="week-view-cell-wrapper"></div></td><td data-key="20240627" tabindex="-1"><div class="week-view-cell-wrapper"></div></td><td data-key="20240628" tabindex="-1"><div class="week-view-cell-wrapper"></div></td><td data-key="20240629" tabindex="-1"><div class="week-view-cell-wrapper"></div></td></tr><tr class="week-view-hour-row" data-hour="8"><td><div class="week-view-cell-wrapper">8:00 AM</div></td><td data-key="20240623" tabindex="-1"><div class="week-view-cell-wrapper"></div></td><td data-key="20240624" tabindex="-1"><div class="week-view-cell-wrapper"></div></td><td data-key="20240625" tabindex="-1"><div class="week-view-cell-wrapper"></div></td><td data-key="20240626" tabindex="-1"><div class="week-view-cell-wrapper"></div></td><td data-key="20240627" tabindex="-1"><div class="week-view-cell-wrapper"></div></td><td data-key="20240628" tabindex="-1"><div class="week-view-cell-wrapper"></div></td><td data-key="20240629" tabindex="-1"><div class="week-view-cell-wrapper"></div></td></tr><tr class="week-view-half-hour-row" data-hour="8.5"><td><div class="week-view-cell-wrapper"></div></td><td data-key="20240623" tabindex="-1"><div class="week-view-cell-wrapper"></div></td><td data-key="20240624" tabindex="-1"><div class="week-view-cell-wrapper"></div></td><td data-key="20240625" tabindex="-1"><div class="week-view-cell-wrapper"></div></td><td data-key="20240626" tabindex="-1"><div class="week-view-cell-wrapper"></div></td><td data-key="20240627" tabindex="-1"><div class="week-view-cell-wrapper"></div></td><td data-key="20240628" tabindex="-1"><div class="week-view-cell-wrapper"></div></td><td data-key="20240629" tabindex="-1"><div class="week-view-cell-wrapper"></div></td></tr><tr class="week-view-hour-row" data-hour="9"><td><div class="week-view-cell-wrapper">9:00 AM</div></td><td data-key="20240623" tabindex="-1"><div class="week-view-cell-wrapper"></div></td><td data-key="20240624" tabindex="-1"><div class="week-view-cell-wrapper"></div></td><td data-key="20240625" tabindex="-1"><div class="week-view-cell-wrapper"></div></td><td data-key="20240626" tabindex="-1"><div class="week-view-cell-wrapper"></div></td><td data-key="20240627" tabindex="-1"><div class="week-view-cell-wrapper"></div></td><td data-key="20240628" tabindex="-1"><div class="week-view-cell-wrapper"></div></td><td data-key="20240629" tabindex="-1"><div class="week-view-cell-wrapper"></div></td></tr><tr class="week-view-half-hour-row" data-hour="9.5"><td><div class="week-view-cell-wrapper"></div></td><td data-key="20240623" tabindex="-1"><div class="week-view-cell-wrapper"></div></td><td data-key="20240624" tabindex="-1"><div class="week-view-cell-wrapper"></div></td><td data-key="20240625" tabindex="-1"><div class="week-view-cell-wrapper"></div></td><td data-key="20240626" tabindex="-1"><div class="week-view-cell-wrapper"></div></td><td data-key="20240627" tabindex="-1"><div class="week-view-cell-wrapper"></div></td><td data-key="20240628" tabindex="-1"><div class="week-view-cell-wrapper"></div></td><td data-key="20240629" tabindex="-1"><div class="week-view-cell-wrapper"></div></td></tr><tr class="week-view-hour-row" data-hour="10"><td><div class="week-view-cell-wrapper">10:00 AM</div></td><td data-key="20240623" tabindex="-1"><div class="week-view-cell-wrapper"></div></td><td data-key="20240624" tabindex="-1"><div class="week-view-cell-wrapper"><a class="calendar-event azure" data-id="83" data-key="20240624" href="#" id="custom-id-week-view-event-83" data-automation-id="custom-automation-id-week-view-event-83" style="border-left-color: azure; height: 206px;"><div class="calendar-event-content">
          
          
          <span class="calendar-event-title">DTO 10:00 AM - 2:00 PM</span>
        </div></a></div></td><td data-key="20240625" tabindex="-1"><div class="week-view-cell-wrapper"></div></td><td data-key="20240626" tabindex="-1"><div class="week-view-cell-wrapper"></div></td><td data-key="20240627" tabindex="-1"><div class="week-view-cell-wrapper"></div></td><td data-key="20240628" tabindex="-1"><div class="week-view-cell-wrapper"></div></td><td data-key="20240629" tabindex="-1"><div class="week-view-cell-wrapper"></div></td></tr><tr class="week-view-half-hour-row" data-hour="10.5"><td><div class="week-view-cell-wrapper"></div></td><td data-key="20240623" tabindex="-1"><div class="week-view-cell-wrapper"></div></td><td data-key="20240624" tabindex="-1"><div class="week-view-cell-wrapper"></div></td><td data-key="20240625" tabindex="-1"><div class="week-view-cell-wrapper"></div></td><td data-key="20240626" tabindex="-1"><div class="week-view-cell-wrapper"></div></td><td data-key="20240627" tabindex="-1"><div class="week-view-cell-wrapper"></div></td><td data-key="20240628" tabindex="-1"><div class="week-view-cell-wrapper"></div></td><td data-key="20240629" tabindex="-1"><div class="week-view-cell-wrapper"></div></td></tr><tr class="week-view-hour-row" data-hour="11"><td><div class="week-view-cell-wrapper">11:00 AM</div></td><td data-key="20240623" tabindex="-1"><div class="week-view-cell-wrapper"></div></td><td data-key="20240624" tabindex="-1"><div class="week-view-cell-wrapper"></div></td><td data-key="20240625" tabindex="-1"><div class="week-view-cell-wrapper"></div></td><td data-key="20240626" tabindex="-1"><div class="week-view-cell-wrapper"></div></td><td data-key="20240627" tabindex="-1"><div class="week-view-cell-wrapper"></div></td><td data-key="20240628" tabindex="-1"><div class="week-view-cell-wrapper"></div></td><td data-key="20240629" tabindex="-1"><div class="week-view-cell-wrapper"></div></td></tr><tr class="week-view-half-hour-row" data-hour="11.5"><td><div class="week-view-cell-wrapper"></div></td><td data-key="20240623" tabindex="-1"><div class="week-view-cell-wrapper"></div></td><td data-key="20240624" tabindex="-1"><div class="week-view-cell-wrapper"></div></td><td data-key="20240625" tabindex="-1"><div class="week-view-cell-wrapper"></div></td><td data-key="20240626" tabindex="-1"><div class="week-view-cell-wrapper"></div></td><td data-key="20240627" tabindex="-1"><div class="week-view-cell-wrapper"></div></td><td data-key="20240628" tabindex="-1"><div class="week-view-cell-wrapper"></div></td><td data-key="20240629" tabindex="-1"><div class="week-view-cell-wrapper"></div></td></tr><tr class="week-view-hour-row" data-hour="12"><td><div class="week-view-cell-wrapper">12:00 PM</div></td><td data-key="20240623" tabindex="-1"><div class="week-view-cell-wrapper"></div></td><td data-key="20240624" tabindex="-1"><div class="week-view-cell-wrapper"></div></td><td data-key="20240625" tabindex="-1"><div class="week-view-cell-wrapper"></div></td><td data-key="20240626" tabindex="-1"><div class="week-view-cell-wrapper"></div></td><td data-key="20240627" tabindex="-1"><div class="week-view-cell-wrapper"></div></td><td data-key="20240628" tabindex="-1"><div class="week-view-cell-wrapper"></div></td><td data-key="20240629" tabindex="-1"><div class="week-view-cell-wrapper"></div></td></tr><tr class="week-view-half-hour-row" data-hour="12.5"><td><div class="week-view-cell-wrapper"></div></td><td data-key="20240623" tabindex="-1"><div class="week-view-cell-wrapper"></div></td><td data-key="20240624" tabindex="-1"><div class="week-view-cell-wrapper"></div></td><td data-key="20240625" tabindex="-1"><div class="week-view-cell-wrapper"></div></td><td data-key="20240626" tabindex="-1"><div class="week-view-cell-wrapper"></div></td><td data-key="20240627" tabindex="-1"><div class="week-view-cell-wrapper"></div></td><td data-key="20240628" tabindex="-1"><div class="week-view-cell-wrapper"></div></td><td data-key="20240629" tabindex="-1"><div class="week-view-cell-wrapper"></div></td></tr><tr class="week-view-hour-row" data-hour="13"><td><div class="week-view-cell-wrapper">1:00 PM</div></td><td data-key="20240623" tabindex="-1"><div class="week-view-cell-wrapper"></div></td><td data-key="20240624" tabindex="-1"><div class="week-view-cell-wrapper"></div></td><td data-key="20240625" tabindex="-1"><div class="week-view-cell-wrapper"></div></td><td data-key="20240626" tabindex="-1"><div class="week-view-cell-wrapper"></div></td><td data-key="20240627" tabindex="-1"><div class="week-view-cell-wrapper"></div></td><td data-key="20240628" tabindex="-1"><div class="week-view-cell-wrapper"></div></td><td data-key="20240629" tabindex="-1"><div class="week-view-cell-wrapper"></div></td></tr><tr class="week-view-half-hour-row" data-hour="13.5"><td><div class="week-view-cell-wrapper"></div></td><td data-key="20240623" tabindex="-1"><div class="week-view-cell-wrapper"></div></td><td data-key="20240624" tabindex="-1"><div class="week-view-cell-wrapper"></div></td><td data-key="20240625" tabindex="-1"><div class="week-view-cell-wrapper"></div></td><td data-key="20240626" tabindex="-1"><div class="week-view-cell-wrapper"></div></td><td data-key="20240627" tabindex="-1"><div class="week-view-cell-wrapper"></div></td><td data-key="20240628" tabindex="-1"><div class="week-view-cell-wrapper"></div></td><td data-key="20240629" tabindex="-1"><div class="week-view-cell-wrapper"></div></td></tr><tr class="week-view-hour-row" data-hour="14"><td><div class="week-view-cell-wrapper">2:00 PM</div></td><td data-key="20240623" tabindex="-1"><div class="week-view-cell-wrapper"></div></td><td data-key="20240624" tabindex="-1"><div class="week-view-cell-wrapper"></div></td><td data-key="20240625" tabindex="-1"><div class="week-view-cell-wrapper"></div></td><td data-key="20240626" tabindex="-1"><div class="week-view-cell-wrapper"></div></td><td data-key="20240627" tabindex="-1"><div class="week-view-cell-wrapper"></div></td><td data-key="20240628" tabindex="-1"><div class="week-view-cell-wrapper"></div></td><td data-key="20240629" tabindex="-1"><div class="week-view-cell-wrapper"></div></td></tr><tr class="week-view-half-hour-row" data-hour="14.5"><td><div class="week-view-cell-wrapper"></div></td><td data-key="20240623" tabindex="-1"><div class="week-view-cell-wrapper"></div></td><td data-key="20240624" tabindex="-1"><div class="week-view-cell-wrapper"></div></td><td data-key="20240625" tabindex="-1"><div class="week-view-cell-wrapper"></div></td><td data-key="20240626" tabindex="-1"><div class="week-view-cell-wrapper"></div></td><td data-key="20240627" tabindex="-1"><div class="week-view-cell-wrapper"></div></td><td data-key="20240628" tabindex="-1"><div class="week-view-cell-wrapper"></div></td><td data-key="20240629" tabindex="-1"><div class="week-view-cell-wrapper"></div></td></tr><tr class="week-view-hour-row" data-hour="15"><td><div class="week-view-cell-wrapper">3:00 PM</div></td><td data-key="20240623" tabindex="-1"><div class="week-view-cell-wrapper"></div></td><td data-key="20240624" tabindex="-1"><div class="week-view-cell-wrapper"></div></td><td data-key="20240625" tabindex="-1"><div class="week-view-cell-wrapper"></div></td><td data-key="20240626" tabindex="-1"><div class="week-view-cell-wrapper"></div></td><td data-key="20240627" tabindex="-1"><div class="week-view-cell-wrapper"></div></td><td data-key="20240628" tabindex="-1"><div class="week-view-cell-wrapper"></div></td><td data-key="20240629" tabindex="-1"><div class="week-view-cell-wrapper"></div></td></tr><tr class="week-view-half-hour-row" data-hour="15.5"><td><div class="week-view-cell-wrapper"></div></td><td data-key="20240623" tabindex="-1"><div class="week-view-cell-wrapper"></div></td><td data-key="20240624" tabindex="-1"><div class="week-view-cell-wrapper"></div></td><td data-key="20240625" tabindex="-1"><div class="week-view-cell-wrapper"></div></td><td data-key="20240626" tabindex="-1"><div class="week-view-cell-wrapper"></div></td><td data-key="20240627" tabindex="-1"><div class="week-view-cell-wrapper"></div></td><td data-key="20240628" tabindex="-1"><div class="week-view-cell-wrapper"></div></td><td data-key="20240629" tabindex="-1"><div class="week-view-cell-wrapper"></div></td></tr><tr class="week-view-hour-row" data-hour="16"><td><div class="week-view-cell-wrapper">4:00 PM</div></td><td data-key="20240623" tabindex="-1"><div class="week-view-cell-wrapper"></div></td><td data-key="20240624" tabindex="-1"><div class="week-view-cell-wrapper"></div></td><td data-key="20240625" tabindex="-1"><div class="week-view-cell-wrapper"></div></td><td data-key="20240626" tabindex="-1"><div class="week-view-cell-wrapper"></div></td><td data-key="20240627" tabindex="-1"><div class="week-view-cell-wrapper"></div></td><td data-key="20240628" tabindex="-1"><div class="week-view-cell-wrapper"></div></td><td data-key="20240629" tabindex="-1"><div class="week-view-cell-wrapper"></div></td></tr><tr class="week-view-half-hour-row" data-hour="16.5"><td><div class="week-view-cell-wrapper"></div></td><td data-key="20240623" tabindex="-1"><div class="week-view-cell-wrapper"></div></td><td data-key="20240624" tabindex="-1"><div class="week-view-cell-wrapper"></div></td><td data-key="20240625" tabindex="-1"><div class="week-view-cell-wrapper"></div></td><td data-key="20240626" tabindex="-1"><div class="week-view-cell-wrapper"></div></td><td data-key="20240627" tabindex="-1"><div class="week-view-cell-wrapper"></div></td><td data-key="20240628" tabindex="-1"><div class="week-view-cell-wrapper"></div></td><td data-key="20240629" tabindex="-1"><div class="week-view-cell-wrapper"></div></td></tr><tr class="week-view-hour-row" data-hour="17"><td><div class="week-view-cell-wrapper">5:00 PM</div></td><td data-key="20240623" tabindex="-1"><div class="week-view-cell-wrapper"></div></td><td data-key="20240624" tabindex="-1"><div class="week-view-cell-wrapper"></div></td><td data-key="20240625" tabindex="-1"><div class="week-view-cell-wrapper"></div></td><td data-key="20240626" tabindex="-1"><div class="week-view-cell-wrapper"></div></td><td data-key="20240627" tabindex="-1"><div class="week-view-cell-wrapper"></div></td><td data-key="20240628" tabindex="-1"><div class="week-view-cell-wrapper"></div></td><td data-key="20240629" tabindex="-1"><div class="week-view-cell-wrapper"></div></td></tr><tr class="week-view-half-hour-row" data-hour="17.5"><td><div class="week-view-cell-wrapper"></div></td><td data-key="20240623" tabindex="-1"><div class="week-view-cell-wrapper"></div></td><td data-key="20240624" tabindex="-1"><div class="week-view-cell-wrapper"></div></td><td data-key="20240625" tabindex="-1"><div class="week-view-cell-wrapper"></div></td><td data-key="20240626" tabindex="-1"><div class="week-view-cell-wrapper"></div></td><td data-key="20240627" tabindex="-1"><div class="week-view-cell-wrapper"></div></td><td data-key="20240628" tabindex="-1"><div class="week-view-cell-wrapper"></div></td><td data-key="20240629" tabindex="-1"><div class="week-view-cell-wrapper"></div></td></tr><tr class="week-view-hour-row" data-hour="18"><td><div class="week-view-cell-wrapper">6:00 PM</div></td><td data-key="20240623" tabindex="-1"><div class="week-view-cell-wrapper"></div></td><td data-key="20240624" tabindex="-1"><div class="week-view-cell-wrapper"></div></td><td data-key="20240625" tabindex="-1"><div class="week-view-cell-wrapper"></div></td><td data-key="20240626" tabindex="-1"><div class="week-view-cell-wrapper"></div></td><td data-key="20240627" tabindex="-1"><div class="week-view-cell-wrapper"></div></td><td data-key="20240628" tabindex="-1"><div class="week-view-cell-wrapper"></div></td><td data-key="20240629" tabindex="-1"><div class="week-view-cell-wrapper"></div></td></tr><tr class="week-view-half-hour-row" data-hour="18.5"><td><div class="week-view-cell-wrapper"></div></td><td data-key="20240623" tabindex="-1"><div class="week-view-cell-wrapper"></div></td><td data-key="20240624" tabindex="-1"><div class="week-view-cell-wrapper"></div></td><td data-key="20240625" tabindex="-1"><div class="week-view-cell-wrapper"></div></td><td data-key="20240626" tabindex="-1"><div class="week-view-cell-wrapper"></div></td><td data-key="20240627" tabindex="-1"><div class="week-view-cell-wrapper"></div></td><td data-key="20240628" tabindex="-1"><div class="week-view-cell-wrapper"></div></td><td data-key="20240629" tabindex="-1"><div class="week-view-cell-wrapper"></div></td></tr><tr class="week-view-hour-row" data-hour="19"><td><div class="week-view-cell-wrapper">7:00 PM</div></td><td data-key="20240623" tabindex="-1"><div class="week-view-cell-wrapper"></div></td><td data-key="20240624" tabindex="-1"><div class="week-view-cell-wrapper"></div></td><td data-key="20240625" tabindex="-1"><div class="week-view-cell-wrapper"></div></td><td data-key="20240626" tabindex="-1"><div class="week-view-cell-wrapper"></div></td><td data-key="20240627" tabindex="-1"><div class="week-view-cell-wrapper"></div></td><td data-key="20240628" tabindex="-1"><div class="week-view-cell-wrapper"></div></td><td data-key="20240629" tabindex="-1"><div class="week-view-cell-wrapper"></div></td></tr><tr class="week-view-half-hour-row" data-hour="19.5"><td><div class="week-view-cell-wrapper"></div></td><td data-key="20240623" tabindex="-1"><div class="week-view-cell-wrapper"></div></td><td data-key="20240624" tabindex="-1"><div class="week-view-cell-wrapper"></div></td><td data-key="20240625" tabindex="-1"><div class="week-view-cell-wrapper"></div></td><td data-key="20240626" tabindex="-1"><div class="week-view-cell-wrapper"></div></td><td data-key="20240627" tabindex="-1"><div class="week-view-cell-wrapper"></div></td><td data-key="20240628" tabindex="-1"><div class="week-view-cell-wrapper"></div></td><td data-key="20240629" tabindex="-1"><div class="week-view-cell-wrapper"></div></td></tr></tbody></table></div></div>