<path d="M0,18.331L139.598,24.674L279.197,5.645L418.795,31.017L558.394,5.645L697.992,24.674" stroke="#0054B1" stroke-width="2" fill="none" class="line" id="line-comp-a-line" data-automation-id="automation-id-line-comp-a-line" stroke-dasharray="705.2918701171875 705.2918701171875" stroke-dashoffset="700.4775763724864"></path>