<div class="two-thirds column">
            <div class="widget">
              <div class="widget-header">
                <h2 class="widget-title">Column Chart Example</h2>
              </div>
              <div class="widget-content">
                <div id="column-bar-example" class="chart-container column-chart"><svg width="807.992" height="317"><g transform="translate(45
        ,40)"><g class="x axis" transform="translate(0,227)" fill="none" font-size="10" font-family="sans-serif" text-anchor="middle"><path class="domain" stroke="currentColor" d="M0.5,0.5H723.492"></path><g class="tick" opacity="1" transform="translate(52.5,0)"><line stroke="currentColor" y2="0"></line><text fill="currentColor" y="12" dy="0.71em">Automotive</text></g><g class="tick" opacity="1" transform="translate(155.5,0)"><line stroke="currentColor" y2="0"></line><text fill="currentColor" y="12" dy="0.71em">Distribution</text></g><g class="tick" opacity="1" transform="translate(258.5,0)"><line stroke="currentColor" y2="0"></line><text fill="currentColor" y="12" dy="0.71em">Equipment</text></g><g class="tick" opacity="1" transform="translate(361.5,0)"><line stroke="currentColor" y2="0"></line><text fill="currentColor" y="12" dy="0.71em">Fashion</text></g><g class="tick" opacity="1" transform="translate(464.5,0)"><line stroke="currentColor" y2="0"></line><text fill="currentColor" y="12" dy="0.71em">Food</text></g><g class="tick" opacity="1" transform="translate(567.5,0)"><line stroke="currentColor" y2="0"></line><text fill="currentColor" y="12" dy="0.71em">Healthcare</text></g><g class="tick" opacity="1" transform="translate(670.5,0)"><line stroke="currentColor" y2="0"></line><text fill="currentColor" y="12" dy="0.71em">Other</text></g></g><g class="y axis" fill="none" font-size="10" font-family="sans-serif" text-anchor="end"><path class="domain" stroke="currentColor" d="M722.992,227.5H0.5V0.5H722.992"></path><g class="tick tick0" opacity="1" transform="translate(0,227.5)"><line stroke="currentColor" x2="722.992"></line><text fill="currentColor" x="-12" dy="0.32em">0</text></g><g class="tick" opacity="1" transform="translate(0,195.07142857142858)"><line stroke="currentColor" x2="722.992"></line><text fill="currentColor" x="-12" dy="0.32em">2</text></g><g class="tick" opacity="1" transform="translate(0,162.64285714285714)"><line stroke="currentColor" x2="722.992"></line><text fill="currentColor" x="-12" dy="0.32em">4</text></g><g class="tick" opacity="1" transform="translate(0,130.2142857142857)"><line stroke="currentColor" x2="722.992"></line><text fill="currentColor" x="-12" dy="0.32em">6</text></g><g class="tick" opacity="1" transform="translate(0,97.78571428571429)"><line stroke="currentColor" x2="722.992"></line><text fill="currentColor" x="-12" dy="0.32em">8</text></g><g class="tick" opacity="1" transform="translate(0,65.35714285714285)"><line stroke="currentColor" x2="722.992"></line><text fill="currentColor" x="-12" dy="0.32em">10</text></g><g class="tick" opacity="1" transform="translate(0,32.92857142857144)"><line stroke="currentColor" x2="722.992"></line><text fill="currentColor" x="-12" dy="0.32em">12</text></g><g class="tick" opacity="1" transform="translate(0,0.5)"><line stroke="currentColor" x2="722.992"></line><text fill="currentColor" x="-12" dy="0.32em">14</text></g></g><rect id="column-auto-bar" data-automation-id="automation-id-column-auto-bar" class="bar series-0" width="35" x="35" y="226.98470098676506" height="0.01529901323493918" data-index="0" style="cursor: pointer; fill: rgb(0, 84, 177);"></rect><rect id="column-dist-bar" data-automation-id="automation-id-column-dist-bar" class="bar series-1" width="35" x="138" y="226.97814426680722" height="0.02185573319277026" data-index="1" style="cursor: pointer; fill: rgb(0, 84, 177);"></rect><rect id="column-equip-bar" data-automation-id="automation-id-column-equip-bar" class="bar series-2" width="35" x="241" y="226.96940197353013" height="0.03059802646987836" data-index="2" style="cursor: pointer; fill: rgb(0, 84, 177);"></rect><rect id="column-fash-bar" data-automation-id="automation-id-column-fash-bar" class="bar series-3" width="35" x="344" y="226.97814426680722" height="0.02185573319277026" data-index="3" style="cursor: pointer; fill: rgb(0, 84, 177);"></rect><rect id="column-food-bar" data-automation-id="automation-id-column-food-bar" class="bar series-4" width="35" x="447" y="226.96940197353013" height="0.03059802646987836" data-index="4" style="cursor: pointer; fill: rgb(0, 84, 177);"></rect><rect id="column-health-bar" data-automation-id="automation-id-column-health-bar" class="bar series-5" width="35" x="550" y="226.98251541344578" height="0.017484586554216204" data-index="5" style="cursor: pointer; fill: rgb(0, 84, 177);"></rect><rect id="column-other-bar" data-automation-id="automation-id-column-other-bar" class="bar series-6" width="35" x="653" y="226.98470098676506" height="0.01529901323493918" data-index="6" style="cursor: pointer; fill: rgb(0, 84, 177);"></rect></g></svg></div>
              </div>
            </div>
        </div>