<input type="text" autocomplete="off" class="autocomplete" data-init="false" placeholder="Type to Search" id="autocomplete-default" role="combobox" data-automation-id="autocomplete-automation-id">