<textarea id="description-max" class="textarea" maxlength="90" name="description-max">Line One</textarea>