<input type="text" class="field-options" aria-required="true" name="example-textfield" id="example-textfield">