<div id="sparkline-chart-example-1" class="sparkline"><svg height="67.53111688311688" width="399.992"><g><path d="M10,35.926L47.999,40.247L85.998,10L123.998,33.333L161.997,22.099L199.996,31.605L237.995,14.321L275.994,34.198L313.994,36.79L351.993,34.198" stroke="#0054B1" class="team connected-line" id="sparkline1-connected-line" data-automation-id="automation-id-sparkline1-connected-line"></path></g><circle r="4" class="point" cx="10" cy="35.92606375442739" id="sparkline1-point-0" data-automation-id="automation-id-sparkline1-point-0" style="fill: rgb(0, 84, 177); stroke: rgb(255, 255, 255); cursor: pointer;"></circle><circle r="4" class="point" cx="47.9992" cy="40.24707438016529" id="sparkline1-point-1" data-automation-id="automation-id-sparkline1-point-1" style="fill: rgb(0, 84, 177); stroke: rgb(255, 255, 255); cursor: pointer;"></circle><circle r="4" class="point peak" cx="85.9984" cy="10" id="sparkline1-point-2" data-automation-id="automation-id-sparkline1-point-2" style="fill: rgb(255, 255, 255); stroke: rgb(0, 84, 177); cursor: pointer;"></circle><circle r="4" class="point" cx="123.9976" cy="33.33345737898465" id="sparkline1-point-3" data-automation-id="automation-id-sparkline1-point-3" style="fill: rgb(0, 84, 177); stroke: rgb(255, 255, 255); cursor: pointer;"></circle><circle r="4" class="point" cx="161.9968" cy="22.098829752066116" id="sparkline1-point-4" data-automation-id="automation-id-sparkline1-point-4" style="fill: rgb(0, 84, 177); stroke: rgb(255, 255, 255); cursor: pointer;"></circle><circle r="4" class="point" cx="199.996" cy="31.60505312868949" id="sparkline1-point-5" data-automation-id="automation-id-sparkline1-point-5" style="fill: rgb(0, 84, 177); stroke: rgb(255, 255, 255); cursor: pointer;"></circle><circle r="4" class="point" cx="237.9952" cy="14.321010625737898" id="sparkline1-point-6" data-automation-id="automation-id-sparkline1-point-6" style="fill: rgb(0, 84, 177); stroke: rgb(255, 255, 255); cursor: pointer;"></circle><circle r="4" class="point" cx="275.9944" cy="34.197659504132226" id="sparkline1-point-7" data-automation-id="automation-id-sparkline1-point-7" style="fill: rgb(0, 84, 177); stroke: rgb(255, 255, 255); cursor: pointer;"></circle><circle r="4" class="point" cx="313.9936" cy="36.790265879574974" id="sparkline1-point-8" data-automation-id="automation-id-sparkline1-point-8" style="fill: rgb(0, 84, 177); stroke: rgb(255, 255, 255); cursor: pointer;"></circle><circle r="4" class="point" cx="351.99280000000005" cy="34.197659504132226" id="sparkline1-point-9" data-automation-id="automation-id-sparkline1-point-9" style="fill: rgb(0, 84, 177); stroke: rgb(255, 255, 255); cursor: pointer;"></circle></svg></div>