<div class="rating" id="rating-id-1" data-automation-id="rating-automation-id-1">
              <fieldset>
                <legend class="audible">Rate Your Experience</legend>
                <input type="radio" class="is-filled" name="rating-id1" id="one-star-id1" data-automation-id="one-star-automation-id1">
                <label for="one-star-id1">
                  <svg class="icon" focusable="false" aria-hidden="true" role="presentation">
                    <use href="#icon-star-filled"></use>
                  </svg>
                  <span class="audible">1 out of 5 Stars</span>
                </label>

                <input type="radio" class="is-filled" name="rating-id1" id="two-star-id1" data-automation-id="two-star-automation-id1">
                <label for="two-star-id1">
                  <svg class="icon" focusable="false" aria-hidden="true" role="presentation">
                    <use href="#icon-star-filled"></use>
                  </svg>
                  <span class="audible">2 out of 5 Stars</span>
                </label>

                <input type="radio" class="is-filled" name="rating-id1" id="three-star-id1" data-automation-id="three-star-automation-id1">
                <label for="three-star-id1">
                  <svg class="icon" focusable="false" aria-hidden="true" role="presentation">
                    <use href="#icon-star-filled"></use>
                  </svg>
                  <span class="audible">3 out of 5 Stars</span>
                </label>

                <input type="radio" name="rating-id1" id="four-star-id1" data-automation-id="four-star-automation-id1">
                <label for="four-star-id1">
                  <svg class="icon" focusable="false" aria-hidden="true" role="presentation">
                    <use href="#icon-star-outlined"></use>
                  </svg>
                  <span class="audible">4 out of 5 Stars</span>
                </label>

                <input type="radio" name="rating-id1" id="five-star-id1" data-automation-id="five-star-automation-id1">
                <label for="five-star-id1">
                  <svg class="icon" focusable="false" aria-hidden="true" role="presentation">
                    <use href="#icon-star-outlined"></use>
                  </svg>
                  <span class="audible">5 out of 5 Stars</span>
                </label>
              </fieldset>
            </div>