<input class="colorpicker" id="background-color" type="text" data-init="false" autocomplete="off" role="combobox" aria-autocomplete="list" value="#DA1217" aria-describedby="Ruby06">