<div class="tooltip bottom is-hidden placeable" id="tooltip"><div class="arrow"></div><div class="tooltip-content"></div></div>