<svg class="icon" focusable="false" aria-hidden="true" role="presentation">
          <use href="#icon-home"></use>
        </svg>