<a class="hyperlink hide-focus" href="#">Normal Hyperlink</a>