<g class="bullet" transform="translate(0, 0)"><g><text class="title" dy="-10px" id="bullet-example1-title" data-automation-id="automation-id-bullet-example1-title">Revenue<tspan class="subtitle" dx="15px" id="bullet-example1-subtitle" data-automation-id="automation-id-bullet-example1-subtitle">US$, in thousands</tspan></text></g><rect id="bullet-example1-range0" data-automation-id="automation-id-bullet-example1-range0" class="range s0" data-idx="0" width="1165" x="0" height="20" style="fill: rgb(207, 238, 238);"></rect><rect id="bullet-example1-range1" data-automation-id="automation-id-bullet-example1-range1" class="range s1" data-idx="0" width="776.6666666666666" x="0" height="20" style="fill: rgb(168, 225, 225);"></rect><rect id="bullet-example1-range2" data-automation-id="automation-id-bullet-example1-range2" class="range s2" data-idx="0" width="582.5" x="0" height="20" style="fill: rgb(64, 189, 190);"></rect><rect id="bullet-example1-range3" data-automation-id="automation-id-bullet-example1-range3" class="range s3" data-idx="0" width="436.875" x="0" height="20" style="fill: rgb(47, 141, 142);"></rect><rect id="bullet-example1-range4" data-automation-id="automation-id-bullet-example1-range4" class="range s4" data-idx="0" width="291.25" x="0" height="20" style="fill: rgb(31, 94, 94);"></rect><rect id="bullet-example1-measure0" data-automation-id="automation-id-bullet-example1-measure0" class="measure s0" width="524.25" height="3" x="0" y="8.5" style="fill: rgb(0, 0, 0);"></rect><rect id="bullet-example1-measure1" data-automation-id="automation-id-bullet-example1-measure1" class="measure s1" width="427.16666666666663" height="3" x="0" y="8.5" style="fill: rgb(0, 0, 0);"></rect><line id="bullet-example1-marker" data-automation-id="automation-id-bullet-example1-marker" class="marker" x1="485.4166666666667" x2="485.4166666666667" y1="3.3333333333333335" y2="16.666666666666668" style="stroke: rgb(0, 0, 0);"></line><text id="bullet-example1-difference" data-automation-id="automation-id-bullet-example1-difference" class="inverse" text-anchor="middle" y="14" dx="20px" x="524.25">+20</text><g class="tick" transform="translate(0,0)" style="opacity: 1;"><line y1="20" y2="30"></line><text text-anchor="middle" dy="1.1em" y="30" class="positive-value">0</text></g><g class="tick" transform="translate(194.1666717529297, 0)" style="opacity: 1;"><line y1="20" y2="30"></line><text text-anchor="middle" dy="1.1em" y="30" class="positive-value">100</text></g><g class="tick" transform="translate(388.3333435058594, 0)" style="opacity: 1;"><line y1="20" y2="30"></line><text text-anchor="middle" dy="1.1em" y="30" class="positive-value">200</text></g><g class="tick" transform="translate(582.5, 0)" style="opacity: 1;"><line y1="20" y2="30"></line><text text-anchor="middle" dy="1.1em" y="30" class="positive-value">300</text></g><g class="tick" transform="translate(776.6666870117188, 0)" style="opacity: 1;"><line y1="20" y2="30"></line><text text-anchor="middle" dy="1.1em" y="30" class="positive-value">400</text></g><g class="tick" transform="translate(970.8333129882812, 0)" style="opacity: 1;"><line y1="20" y2="30"></line><text text-anchor="middle" dy="1.1em" y="30" class="positive-value">500</text></g><g class="tick" transform="translate(1165, 0)" style="opacity: 1;"><line y1="20" y2="30"></line><text text-anchor="middle" dy="1.1em" y="30" class="positive-value">600</text></g></g>