<rect id="bar-a-bar" data-automation-id="automation-id-bar-a-bar" class="bar series-0" aria-hidden="true" mask="" x="1" y="26" height="53" width="612.0159594726563" style="fill: rgb(0, 84, 177);"></rect>