<div id="custom-id" class="chart-container chart-treemap" data-init="false" data-automation-id="custom-automation-id">
                <div class="chart-treemap-title">Storage Utilization (78 GB)</div><div style="position: relative; width: 1238px; height: 263px; left: 20px; top: 1px;"><div class="chart-treemap-node" id="custom-id-json" data-automation-id="custom-automation-id-json" style="left: 0px; top: 0px; width: 335.628px; height: 241px; background: rgb(0, 56, 118);"><span class="chart-treemap-text">JSON</span><span class="chart-treemap-percent">28%</span></div><div class="chart-treemap-node" id="custom-id-pdf" data-automation-id="custom-automation-id-pdf" style="left: 336.628px; top: 0px; width: 216.818px; height: 241px; background: rgb(0, 74, 153);"><span class="chart-treemap-text">PDF</span><span class="chart-treemap-percent">18%</span></div><div class="chart-treemap-node" id="custom-id-bod" data-automation-id="custom-automation-id-bod" style="left: 554.446px; top: 0px; width: 197.017px; height: 120px; background: rgb(0, 84, 177);"><span class="chart-treemap-text">BOD</span><span class="chart-treemap-percent">8%</span></div><div class="chart-treemap-node" id="custom-id-txt" data-automation-id="custom-automation-id-txt" style="left: 554.446px; top: 121px; width: 197.017px; height: 120px; background: rgb(0, 102, 212);"><span class="chart-treemap-text">TXT</span><span class="chart-treemap-percent">8%</span></div><div class="chart-treemap-node" id="custom-id-csv" data-automation-id="custom-automation-id-csv" style="left: 752.463px; top: 0px; width: 197.017px; height: 241px; background: rgb(0, 114, 237);"><span class="chart-treemap-text">CSV</span><span class="chart-treemap-percent">17%</span></div><div class="chart-treemap-node" id="custom-id-assets" data-automation-id="custom-automation-id-assets" style="left: 950.479px; top: 0px; width: 246.521px; height: 76.44px; background: rgb(85, 163, 243);"><span class="chart-treemap-text">Assets</span><span class="chart-treemap-percent">7%</span></div><div class="chart-treemap-node" id="custom-id-others" data-automation-id="custom-automation-id-others" style="left: 950.479px; top: 77.44px; width: 246.521px; height: 163.56px; background: rgb(138, 191, 247);"><span class="chart-treemap-text">Others</span><span class="chart-treemap-percent">14%</span></div></div></div>