<div class="accordion panel inverse has-icons" data-options="{'allowOnePane': true}">

      <div class="accordion-header is-selected hide-focus">
        <svg class="icon" focusable="false" aria-hidden="true" role="presentation">
          <use href="#icon-home"></use>
        </svg>
        <a id="appmenu-a-item-one" data-automation-id="appmenu-a-item-one" href="#"><span>Item One</span></a>
      </div>

      <div class="accordion-header hide-focus">
        <svg class="icon" focusable="false" aria-hidden="true" role="presentation">
          <use href="#icon-tools"></use>
        </svg>
        <a id="appmenu-a-item-two" data-automation-id="appmenu-a-item-two" href="#"><span>Item Two</span></a>
      </div>

      <div class="accordion-header hide-focus">
        <svg class="icon" focusable="false" aria-hidden="true" role="presentation">
          <use href="#icon-columns"></use>
        </svg>
        <a id="appmenu-a-item-three" data-automation-id="appmenu-a-item-three" href="#"><span>Item Three</span></a>
      </div>

      <div class="accordion-header hide-focus">
        <svg class="icon" focusable="false" aria-hidden="true" role="presentation">
          <use href="#icon-cascade"></use>
        </svg>
        <a id="appmenu-a-item-four" data-automation-id="appmenu-a-item-four" href="#"><span>Item Four</span></a>
      </div>

      <div class="accordion-header hide-focus">
        <svg class="icon" focusable="false" aria-hidden="true" role="presentation">
          <use href="#icon-insert-image"></use>
        </svg>
        <a id="appmenu-a-item-five" data-automation-id="appmenu-a-item-five" href="#"><span>Item Five</span></a>
      </div>

      <div class="accordion-header hide-focus">
        <svg class="icon" focusable="false" aria-hidden="true" role="presentation">
          <use href="#icon-ledger"></use>
        </svg>
        <a id="appmenu-a-item-six" data-automation-id="appmenu-a-item-six" href="#"><span>Item Six</span></a>
      </div>

    </div>